Renesas Optimizing Linker (W3.04.00 )             23-Nov-2022 09:09:23

*** Options ***

-subcommand=DefaultBuild\1st\koken_micromouse.clnk
-library=DefaultBuild\koken_micromouse.lib
-input=DefaultBuild\1st\dbsct.obj
-input=DefaultBuild\1st\intprg.obj
-input=DefaultBuild\1st\koken_micromouse.obj
-input=DefaultBuild\1st\resetprg.obj
-input=DefaultBuild\1st\sbrk.obj
-input=DefaultBuild\1st\vecttbl.obj
-input=DefaultBuild\1st\glob_var.obj
-input=DefaultBuild\1st\init.obj
-input=DefaultBuild\1st\interface.obj
-input=DefaultBuild\1st\interrupt.obj
-input=DefaultBuild\1st\misc.obj
-input=DefaultBuild\1st\run.obj
-input=DefaultBuild\1st\search_algo.obj
-input=DefaultBuild\1st\adc.obj
-input=DefaultBuild\1st\i2c.obj
-input=DefaultBuild\1st\motor.obj
-input=DefaultBuild\1st\sci.obj
-input=DefaultBuild\1st\spi.obj
-input=DefaultBuild\1st\fast.obj
-noprelink
-nodebug
-output=DefaultBuild\1st\koken_micromouse.abs
-map=DefaultBuild\1st\koken_micromouse.bls
-list=DefaultBuild\1st\koken_micromouse.map
-nooptimize
-start=B_1,R_1,B_2,R_2,B,R,SU,SI/04,PResetPRG/0FFF80000,C_1,C_2,C,C$DSEC,C$BSEC,C$INIT,C$VTBL,C$VECT,D_1,D_2,D,P,PIntPRG,W_1,W_2,W,L/0FFF80100,FIXEDVECT/0FFFFFFD0
-rom=D=R,D_1=R_1,D_2=R_2
-total_size
-nologo
-end

*** Error information ***

*** Mapping List ***

SECTION                            START      END         SIZE   ALIGN
B_1
                                  00000004  00000805       802   1
R_1
                                  00000806  00000856        51   1
B_2
                                  00000858  00000859         2   2
R_2
                                  0000085a  0000085a         0   1
B
                                  0000085c  00000dd7       57c   4
R
                                  00000dd8  00001057       280   4
SU
                                  00001058  00001157       100   4
SI
                                  00001158  00001457       300   4
PResetPRG
                                  fff80000  fff8002f        30   1
C_1
                                  fff80100  fff801d1        d2   1
C_2
                                  fff801d2  fff803d3       202   2
C
                                  fff803d4  fff8043b        68   4
C$DSEC
                                  fff8043c  fff8045f        24   4
C$BSEC
                                  fff80460  fff80477        18   4
C$INIT
                                  fff80478  fff80478         0   1
C$VTBL
                                  fff80478  fff80478         0   1
C$VECT
                                  fff80478  fff80877       400   4
D_1
                                  fff80878  fff808c8        51   1
D_2
                                  fff808c9  fff808c9         0   1
D
                                  fff808cc  fff80b4b       280   4
P
                                  fff80b4c  fff867f0      5ca5   1
PIntPRG
                                  fff867f1  fff86a2e       23e   1
W_1
                                  fff86a2f  fff86a2f         0   1
W_2
                                  fff86a2f  fff86a2f         0   1
W
                                  fff86a2f  fff86a2f         0   1
L
                                  fff86a30  fff86d2c       2fd   4
$ADDR_C_FFFFFF80
                                  ffffff80  ffffff83         4   1
$ADDR_C_FFFFFFA0
                                  ffffffa0  ffffffaf        10   1
FIXEDVECT
                                  ffffffd0  ffffffff        30   4
