Renesas Optimizing Linker (W3.07.00 )             07-Mar-2025 18:22:35

*** Options ***

-subcommand=DefaultBuild\koken_micromouse.clnk
-library=DefaultBuild\koken_micromouse.lib
-input=DefaultBuild\dbsct.obj
-input=DefaultBuild\intprg.obj
-input=DefaultBuild\koken_micromouse.obj
-input=DefaultBuild\resetprg.obj
-input=DefaultBuild\sbrk.obj
-input=DefaultBuild\vecttbl.obj
-input=DefaultBuild\glob_var.obj
-input=DefaultBuild\init.obj
-input=DefaultBuild\interface.obj
-input=DefaultBuild\interrupt.obj
-input=DefaultBuild\misc.obj
-input=DefaultBuild\run.obj
-input=DefaultBuild\search_algo.obj
-input=DefaultBuild\adc.obj
-input=DefaultBuild\i2c.obj
-input=DefaultBuild\motor.obj
-input=DefaultBuild\sci.obj
-input=DefaultBuild\spi.obj
-input=DefaultBuild\fast.obj
-noprelink
-output=DefaultBuild\koken_micromouse.abs
-list=DefaultBuild\koken_micromouse.map
-nooptimize
-start=B_1,R_1,B_2,R_2,B,R,SU,SI/04,PResetPRG/0FFF80000,C_1,C_2,C,C$DSEC,C$BSEC,C$INIT,C$VTBL,C$VECT,D_1,D_2,D,P,PIntPRG,W_1,W_2,W,L/0FFF80100,FIXEDVECT/0FFFFFFD0
-rom=D=R,D_1=R_1,D_2=R_2
-total_size
-nologo
-end

*** Error information ***

*** Mapping List ***

SECTION                            START      END         SIZE   ALIGN
B_1
                                  00000004  00000805       802   1
R_1
                                  00000806  00000856        51   1
B_2
                                  00000858  00000859         2   2
R_2
                                  0000085a  0000085a         0   1
B
                                  0000085c  00000dd7       57c   4
R
                                  00000dd8  00001053       27c   4
SU
                                  00001054  00001153       100   4
SI
                                  00001154  00001453       300   4
PResetPRG
                                  fff80000  fff8002f        30   1
C_1
                                  fff80100  fff801d1        d2   1
C_2
                                  fff801d2  fff803d3       202   2
C
                                  fff803d4  fff8043b        68   4
C$DSEC
                                  fff8043c  fff8045f        24   4
C$BSEC
                                  fff80460  fff80477        18   4
C$INIT
                                  fff80478  fff80478         0   1
C$VTBL
                                  fff80478  fff80478         0   1
C$VECT
                                  fff80478  fff80877       400   4
D_1
                                  fff80878  fff808c8        51   1
D_2
                                  fff808c9  fff808c9         0   1
D
                                  fff808cc  fff80b47       27c   4
P
                                  fff80b48  fff85ec9      5382   1
PIntPRG
                                  fff85eca  fff86107       23e   1
W_1
                                  fff86108  fff86108         0   1
W_2
                                  fff86108  fff86108         0   1
W
                                  fff86108  fff86108         0   1
L
                                  fff86108  fff86538       431   4
$ADDR_C_FFFFFF80
                                  ffffff80  ffffff83         4   1
$ADDR_C_FFFFFFA0
                                  ffffffa0  ffffffaf        10   1
FIXEDVECT
                                  ffffffd0  ffffffff        30   4
